[ClassMethodsVisitor - 10]: threeArgs(int, int) does not belong to class bar
