[ClassMethodsVisitor - 4]: unknown() does not belong to class a
