[ClassMethodsVisitor - 16]: foo(boolean) does not belong to class B
