[ClassMethodsVisitor - 13]: oops() does not belong to class bar
