[ClassMethodsVisitor - 11]: doesntExist() does not belong to class S
