Global Symbol Table:

Class: Factorial
  Superclass: None

  Fields:

  Methods:
    void main(String[] a)

Class: A
  Superclass: None

  Fields:
    int a
    boolean b
    double d

  Methods:
    int ComputeFac(int num, double dub)
