[ExprTypesVisitor - 42]: Expression yielded type int where boolean was expected.
[ExprTypesVisitor - 48]: Expression yielded type int where boolean was expected.
[ExprTypesVisitor - 54]: Expression yielded type int where boolean was expected.
[ExprTypesVisitor - 58]: Expression yielded type int where boolean was expected.
[ExprTypesVisitor - 63]: Expression yielded type int where boolean was expected.
[ExprTypesVisitor - 64]: Expression yielded type int where boolean was expected.
[ExprTypesVisitor - 65]: Expression yielded type int where boolean was expected.
[ExprTypesVisitor - 65]: Expression yielded type int where boolean was expected.
[ExprTypesVisitor - 68]: Expression yielded type boolean where number was expected.
[ExprTypesVisitor - 69]: Expression yielded type boolean where number was expected.
[ExprTypesVisitor - 71]: Expression yielded type int where boolean was expected.
