[GlobalSymbolTable]: B.ComputeFac incorrectly overrides A.ComputeFac (return type)
[GlobalSymbolTable]: C.ComputeFac incorrectly overrides B.ComputeFac (return type)
[GlobalSymbolTable]: D.ComputeFac incorrectly overrides A.ComputeFac (return type)
