[VarDeclVisitor - 14]: c undeclared at YourClass.yourFunc
[VarDeclVisitor - 14]: c undeclared at YourClass.yourFunc
