[VarDeclVisitor - 17]: hi undeclared at B.kerchoo
[VarDeclVisitor - 17]: hi undeclared at B.kerchoo
[VarDeclVisitor - 19]: hi undeclared at B.kerchoo
[VarDeclVisitor - 19]: hi undeclared at B.kerchoo
