[ExtendsVisitor - 7]: A extends an unknown class Foo
