[ExtendsVisitor - 7]: A extends an unknown class D
[ExtendsVisitor - 13]: B extends an unknown class C
