[CheckAssignTypesVisitor - 17]: Trying to assign int to double
[CheckAssignTypesVisitor - 20]: Trying to assign int to boolean
[CheckAssignTypesVisitor - 21]: Trying to assign boolean to int
