class Foo {
  public static void main(String[] args) {
    System.out.println(((5 + (4 * 3)) - 1));
  }
}
class Bar extends Nothing {
  public int bar(Baz f, Bar b) {
    System.out.println(new Thing().method());
    return 5;
  }
}
