[CheckMainVisitor - 1]: Main method must have argument type 'String[]'
