[GlobalSymbolTable]: Class A is part of an inheritance cycle
[GlobalSymbolTable]: Class B is part of an inheritance cycle
