ID(function)
LPAREN
INT
ID(x)
COMMA
BOOLEAN
ID(y)
COMMA
INT
ID(z)
RPAREN
SEMICOLON
