INT ID(x) BECOMES NEW INT LBRACKET INT(5) RBRACKET SEMICOLON
ID(x) LBRACKET INT(0) RBRACKET BECOMES INT(1) SEMICOLON
DISPLAY LPAREN ID(x) DOT LENGTH RPAREN SEMICOLON
