DOUBLE ID(x) BECOMES DOUBLE(5.0) SEMICOLON

DOUBLE(5.2E16)
DOUBLE(5.2E16)
DOUBLE(5.25E16)
DOUBLE(5.2E14)

DOUBLE(5.2E16)
DOUBLE(5.2E16)
DOUBLE(5.25E16)
DOUBLE(5.2E14)

DOUBLE(5.2E-14)
DOUBLE(5.2E-14)
DOUBLE(5.25E-14)
DOUBLE(5.2E-16)

DOUBLE(0.25)
DOUBLE(0.0)
DOUBLE(0.0)
DOUBLE(0.0)
DOUBLE(52.0)
