PUBLIC CLASS ID(BasicMainMethod) LBRACE
  PUBLIC STATIC VOID ID(main) LPAREN ID(String) LBRACKET RBRACKET ID(args) RPAREN LBRACE
    DISPLAY LPAREN INT(777) RPAREN SEMICOLON
  RBRACE
RBRACE
