CLASS ID(A) LBRACE
  ID(A) LPAREN RPAREN LBRACE
    THIS DOT ID(b) BECOMES NEW ID(B) LPAREN RPAREN SEMICOLON
  RBRACE
RBRACE

CLASS ID(B) EXTENDS ID(A) LBRACE
  ID(B) LPAREN RPAREN LBRACE
    THIS DOT ID(x) BECOMES INT(5) SEMICOLON
  RBRACE
RBRACE
