WHILE LPAREN ID(x) LESSTHAN INT(5) RPAREN LBRACE
  RETURN INT(2) SEMICOLON
RBRACE
