PUBLIC CLASS ID(Mini) LBRACE
  PUBLIC STATIC VOID ID(main) LPAREN ID(String) LBRACKET RBRACKET ID(args) RPAREN LBRACE
    BOOLEAN ID(t) BECOMES FALSE SEMICOLON
    BOOLEAN ID(f) BECOMES TRUE SEMICOLON
    RETURN ID(t) AND ID(f) SEMICOLON
  RBRACE
RBRACE
