Program
  MainClass BubbleSort (line 1)
    Print (line 3)
      new BBS().Start(10)
  Class BBS (line 11)
    VarDecl int[] number (line 13)
    VarDecl int size (line 14)
    MethodDecl Start (line 18)
      returns int
      parameters:
        int sz
      VarDecl int aux01 (line 19)
      aux01 = this.Init(sz)
      aux01 = this.Print()
      Print (line 22)
        99999
      aux01 = this.Sort()
      aux01 = this.Print()
      Return 0 (line 25)
    MethodDecl Sort (line 30)
      returns int
      VarDecl int nt (line 31)
      VarDecl int i (line 32)
      VarDecl int aux02 (line 33)
      VarDecl int aux04 (line 34)
      VarDecl int aux05 (line 35)
      VarDecl int aux06 (line 36)
      VarDecl int aux07 (line 37)
      VarDecl int j (line 38)
      VarDecl int t (line 39)
      i = (size - 1)
      aux02 = (0 - 1)
      While (aux02 < i) (line 42)
        j = 1
        While (j < (i + 1)) (line 45)
          aux07 = (j - 1)
          aux04 = number[aux07]
          aux05 = number[j]
          If (aux05 < aux04) (line 49)
            aux06 = (j - 1)
            t = number[aux06]
            number[aux06] = number[j]
            number[j] = t (line 50)
          Else
            nt = 0
          j = (j + 1)
        i = (i - 1)
      Return 0 (line 60)
    MethodDecl Print (line 64)
      returns int
      VarDecl int j (line 65)
      j = 0
      While (j < size) (line 67)
        Print (line 68)
          number[j]
        j = (j + 1)
      Return 0 (line 71)
    MethodDecl Init (line 75)
      returns int
      parameters:
        int sz
      size = sz
      number = new int[sz]
      number[0] = 20
      number[1] = 7
      number[2] = 12
      number[3] = 18
      number[4] = 2
      number[5] = 11
      number[6] = 6
      number[7] = 9
      number[8] = 19
      number[9] = 5
      Return 0 (line 90)
