Program
  MainClass CrazyBraces (line 1)
    Print (line 12)
      1
