Program
  MainClass Foo (line 1)
    Print (line 11)
      ((5 + (4 * 3)) - 1)
  Class Bar extends Nothing (line 15)
    MethodDecl bar (line 15)
      returns int
      parameters:
        Baz f
        Bar b
      Print (line 16)
        new Thing().method()
      Return 5 (line 17)
